[0.022s] Invoking command in '/home/aravind/Downloads/project/robot_ws/build/robot_controller': CMAKE_PREFIX_PATH=${CMAKE_PREFIX_PATH}:/opt/ros/jazzy DEBUGINFOD_URLS=https://debuginfod.ubuntu.com /usr/bin/cmake --build /home/aravind/Downloads/project/robot_ws/build/robot_controller -- -j4 -l4
[0.167s] Built target ament_cmake_python_symlink_robot_controller
[0.582s] running egg_info
[0.619s] writing robot_controller.egg-info/PKG-INFO
[0.620s] writing dependency_links to robot_controller.egg-info/dependency_links.txt
[0.621s] writing top-level names to robot_controller.egg-info/top_level.txt
[0.722s] reading manifest file 'robot_controller.egg-info/SOURCES.txt'
[0.723s] writing manifest file 'robot_controller.egg-info/SOURCES.txt'
[0.832s] Built target ament_cmake_python_build_robot_controller_egg
[0.861s] Invoked command in '/home/aravind/Downloads/project/robot_ws/build/robot_controller' returned '0': CMAKE_PREFIX_PATH=${CMAKE_PREFIX_PATH}:/opt/ros/jazzy DEBUGINFOD_URLS=https://debuginfod.ubuntu.com /usr/bin/cmake --build /home/aravind/Downloads/project/robot_ws/build/robot_controller -- -j4 -l4
[0.884s] Invoking command in '/home/aravind/Downloads/project/robot_ws/build/robot_controller': CMAKE_PREFIX_PATH=${CMAKE_PREFIX_PATH}:/opt/ros/jazzy DEBUGINFOD_URLS=https://debuginfod.ubuntu.com /usr/bin/cmake --install /home/aravind/Downloads/project/robot_ws/build/robot_controller
[0.905s] -- Install configuration: ""
[0.906s] -- Execute custom install script
[0.908s] -- Up-to-date symlink: /home/aravind/Downloads/project/robot_ws/install/robot_controller/share/robot_controller/environment/pythonpath.sh
[0.909s] -- Up-to-date symlink: /home/aravind/Downloads/project/robot_ws/install/robot_controller/share/robot_controller/environment/pythonpath.dsv
[0.910s] -- Up-to-date symlink: /home/aravind/Downloads/project/robot_ws/install/robot_controller/lib/python3.12/site-packages/robot_controller-2.0.0-py3.12.egg-info/PKG-INFO
[0.910s] -- Up-to-date symlink: /home/aravind/Downloads/project/robot_ws/install/robot_controller/lib/python3.12/site-packages/robot_controller-2.0.0-py3.12.egg-info/SOURCES.txt
[0.910s] -- Up-to-date symlink: /home/aravind/Downloads/project/robot_ws/install/robot_controller/lib/python3.12/site-packages/robot_controller-2.0.0-py3.12.egg-info/dependency_links.txt
[0.910s] -- Up-to-date symlink: /home/aravind/Downloads/project/robot_ws/install/robot_controller/lib/python3.12/site-packages/robot_controller-2.0.0-py3.12.egg-info/top_level.txt
[0.911s] -- Up-to-date symlink: /home/aravind/Downloads/project/robot_ws/install/robot_controller/lib/python3.12/site-packages/robot_controller/__init__.py
[0.911s] -- Up-to-date symlink: /home/aravind/Downloads/project/robot_ws/install/robot_controller/lib/python3.12/site-packages/robot_controller/camera_publisher_node.py
[0.911s] -- Up-to-date symlink: /home/aravind/Downloads/project/robot_ws/install/robot_controller/lib/python3.12/site-packages/robot_controller/motor_controller_node.py
[0.911s] -- Up-to-date symlink: /home/aravind/Downloads/project/robot_ws/install/robot_controller/share/robot_controller//launch/robot_system_launch.py
[0.912s] -- Up-to-date symlink: /home/aravind/Downloads/project/robot_ws/install/robot_controller/lib/robot_controller/motor_controller_node
[0.912s] -- Up-to-date symlink: /home/aravind/Downloads/project/robot_ws/install/robot_controller/lib/robot_controller/camera_publisher_node
[0.912s] -- Up-to-date symlink: /home/aravind/Downloads/project/robot_ws/install/robot_controller/share/ament_index/resource_index/package_run_dependencies/robot_controller
[0.912s] -- Up-to-date symlink: /home/aravind/Downloads/project/robot_ws/install/robot_controller/share/ament_index/resource_index/parent_prefix_path/robot_controller
[0.913s] -- Up-to-date symlink: /home/aravind/Downloads/project/robot_ws/install/robot_controller/share/robot_controller/environment/ament_prefix_path.sh
[0.913s] -- Up-to-date symlink: /home/aravind/Downloads/project/robot_ws/install/robot_controller/share/robot_controller/environment/ament_prefix_path.dsv
[0.913s] -- Up-to-date symlink: /home/aravind/Downloads/project/robot_ws/install/robot_controller/share/robot_controller/environment/path.sh
[0.913s] -- Up-to-date symlink: /home/aravind/Downloads/project/robot_ws/install/robot_controller/share/robot_controller/environment/path.dsv
[0.914s] -- Up-to-date symlink: /home/aravind/Downloads/project/robot_ws/install/robot_controller/share/robot_controller/local_setup.bash
[0.914s] -- Up-to-date symlink: /home/aravind/Downloads/project/robot_ws/install/robot_controller/share/robot_controller/local_setup.sh
[0.914s] -- Up-to-date symlink: /home/aravind/Downloads/project/robot_ws/install/robot_controller/share/robot_controller/local_setup.zsh
[0.915s] -- Up-to-date symlink: /home/aravind/Downloads/project/robot_ws/install/robot_controller/share/robot_controller/local_setup.dsv
[0.915s] -- Symlinking: /home/aravind/Downloads/project/robot_ws/install/robot_controller/share/robot_controller/package.dsv
[0.938s] -- Up-to-date symlink: /home/aravind/Downloads/project/robot_ws/install/robot_controller/share/ament_index/resource_index/packages/robot_controller
[0.939s] -- Up-to-date symlink: /home/aravind/Downloads/project/robot_ws/install/robot_controller/share/robot_controller/cmake/robot_controllerConfig.cmake
[0.939s] -- Up-to-date symlink: /home/aravind/Downloads/project/robot_ws/install/robot_controller/share/robot_controller/cmake/robot_controllerConfig-version.cmake
[0.940s] -- Up-to-date symlink: /home/aravind/Downloads/project/robot_ws/install/robot_controller/share/robot_controller/package.xml
[1.015s] Listing '/home/aravind/Downloads/project/robot_ws/install/robot_controller/lib/python3.12/site-packages/robot_controller'...
[1.038s] Invoked command in '/home/aravind/Downloads/project/robot_ws/build/robot_controller' returned '0': CMAKE_PREFIX_PATH=${CMAKE_PREFIX_PATH}:/opt/ros/jazzy DEBUGINFOD_URLS=https://debuginfod.ubuntu.com /usr/bin/cmake --install /home/aravind/Downloads/project/robot_ws/build/robot_controller
