-- The C compiler identification is GNU 13.3.0
-- The CXX compiler identification is GNU 13.3.0
-- Detecting C compiler ABI info
-- Detecting C compiler ABI info - done
-- Check for working C compiler: /usr/bin/cc - skipped
-- Detecting C compile features
-- Detecting C compile features - done
-- Detecting CXX compiler ABI info
-- Detecting CXX compiler ABI info - done
-- Check for working CXX compiler: /usr/bin/c++ - skipped
-- Detecting CXX compile features
-- Detecting CXX compile features - done
-- Found ament_cmake: 2.5.4 (/opt/ros/jazzy/share/ament_cmake/cmake)
-- Found Python3: /usr/bin/python3 (found version "3.12.3") found components: Interpreter 
-- Override CMake install command with custom implementation using symlinks instead of copying resources
-- Found ament_lint_auto: 0.17.3 (/opt/ros/jazzy/share/ament_lint_auto/cmake)
-- Added test 'copyright' to check source files copyright and LICENSE
-- Added test 'flake8' to check Python code syntax and style conventions
-- Configured 'flake8' exclude dirs and/or files: 
-- Added test 'lint_cmake' to check CMake code style
-- Added test 'pep257' to check Python code against some of the docstring style conventions in PEP 257
-- Added test 'xmllint' to check XML markup files
-- Configuring done (2.3s)
-- Generating done (0.0s)
-- Build files have been written to: /home/aravind/Downloads/project/robot_ws/build/robot_controller
Built target ament_cmake_python_symlink_robot_controller
running egg_info
creating robot_controller.egg-info
writing robot_controller.egg-info/PKG-INFO
writing dependency_links to robot_controller.egg-info/dependency_links.txt
writing top-level names to robot_controller.egg-info/top_level.txt
writing manifest file 'robot_controller.egg-info/SOURCES.txt'
reading manifest file 'robot_controller.egg-info/SOURCES.txt'
writing manifest file 'robot_controller.egg-info/SOURCES.txt'
Built target ament_cmake_python_build_robot_controller_egg
-- Install configuration: ""
-- Execute custom install script
-- Symlinking: /home/aravind/Downloads/project/robot_ws/install/robot_controller/share/robot_controller/environment/pythonpath.sh
-- Symlinking: /home/aravind/Downloads/project/robot_ws/install/robot_controller/share/robot_controller/environment/pythonpath.dsv
-- Symlinking: /home/aravind/Downloads/project/robot_ws/install/robot_controller/lib/python3.12/site-packages/robot_controller-2.0.0-py3.12.egg-info/PKG-INFO
-- Symlinking: /home/aravind/Downloads/project/robot_ws/install/robot_controller/lib/python3.12/site-packages/robot_controller-2.0.0-py3.12.egg-info/SOURCES.txt
-- Symlinking: /home/aravind/Downloads/project/robot_ws/install/robot_controller/lib/python3.12/site-packages/robot_controller-2.0.0-py3.12.egg-info/dependency_links.txt
-- Symlinking: /home/aravind/Downloads/project/robot_ws/install/robot_controller/lib/python3.12/site-packages/robot_controller-2.0.0-py3.12.egg-info/top_level.txt
-- Symlinking: /home/aravind/Downloads/project/robot_ws/install/robot_controller/lib/python3.12/site-packages/robot_controller/__init__.py
-- Symlinking: /home/aravind/Downloads/project/robot_ws/install/robot_controller/lib/python3.12/site-packages/robot_controller/camera_publisher_node.py
-- Symlinking: /home/aravind/Downloads/project/robot_ws/install/robot_controller/lib/python3.12/site-packages/robot_controller/motor_controller_node.py
-- Symlinking: /home/aravind/Downloads/project/robot_ws/install/robot_controller/share/robot_controller//launch/robot_system_launch.py
-- Symlinking: /home/aravind/Downloads/project/robot_ws/install/robot_controller/lib/robot_controller/motor_controller_node
-- Symlinking: /home/aravind/Downloads/project/robot_ws/install/robot_controller/lib/robot_controller/camera_publisher_node
-- Symlinking: /home/aravind/Downloads/project/robot_ws/install/robot_controller/share/ament_index/resource_index/package_run_dependencies/robot_controller
-- Symlinking: /home/aravind/Downloads/project/robot_ws/install/robot_controller/share/ament_index/resource_index/parent_prefix_path/robot_controller
-- Symlinking: /home/aravind/Downloads/project/robot_ws/install/robot_controller/share/robot_controller/environment/ament_prefix_path.sh
-- Symlinking: /home/aravind/Downloads/project/robot_ws/install/robot_controller/share/robot_controller/environment/ament_prefix_path.dsv
-- Symlinking: /home/aravind/Downloads/project/robot_ws/install/robot_controller/share/robot_controller/environment/path.sh
-- Symlinking: /home/aravind/Downloads/project/robot_ws/install/robot_controller/share/robot_controller/environment/path.dsv
-- Symlinking: /home/aravind/Downloads/project/robot_ws/install/robot_controller/share/robot_controller/local_setup.bash
-- Symlinking: /home/aravind/Downloads/project/robot_ws/install/robot_controller/share/robot_controller/local_setup.sh
-- Symlinking: /home/aravind/Downloads/project/robot_ws/install/robot_controller/share/robot_controller/local_setup.zsh
-- Symlinking: /home/aravind/Downloads/project/robot_ws/install/robot_controller/share/robot_controller/local_setup.dsv
-- Symlinking: /home/aravind/Downloads/project/robot_ws/install/robot_controller/share/robot_controller/package.dsv
-- Symlinking: /home/aravind/Downloads/project/robot_ws/install/robot_controller/share/ament_index/resource_index/packages/robot_controller
-- Symlinking: /home/aravind/Downloads/project/robot_ws/install/robot_controller/share/robot_controller/cmake/robot_controllerConfig.cmake
-- Symlinking: /home/aravind/Downloads/project/robot_ws/install/robot_controller/share/robot_controller/cmake/robot_controllerConfig-version.cmake
-- Symlinking: /home/aravind/Downloads/project/robot_ws/install/robot_controller/share/robot_controller/package.xml
Listing '/home/aravind/Downloads/project/robot_ws/install/robot_controller/lib/python3.12/site-packages/robot_controller'...
Compiling '/home/aravind/Downloads/project/robot_ws/install/robot_controller/lib/python3.12/site-packages/robot_controller/__init__.py'...
Compiling '/home/aravind/Downloads/project/robot_ws/install/robot_controller/lib/python3.12/site-packages/robot_controller/camera_publisher_node.py'...
Compiling '/home/aravind/Downloads/project/robot_ws/install/robot_controller/lib/python3.12/site-packages/robot_controller/motor_controller_node.py'...
