[0.218s] DEBUG:colcon:Command line arguments: ['/usr/bin/colcon', 'build', '--symlink-install']
[0.218s] DEBUG:colcon:Parsed command line arguments: Namespace(log_base=None, log_level=None, verb_name='build', build_base='build', install_base='install', merge_install=False, symlink_install=True, test_result_base=None, continue_on_error=False, executor='parallel', parallel_workers=4, event_handlers=None, ignore_user_meta=False, metas=['./colcon.meta'], base_paths=['.'], packages_ignore=None, packages_ignore_regex=None, paths=None, packages_up_to=None, packages_up_to_regex=None, packages_above=None, packages_above_and_dependencies=None, packages_above_depth=None, packages_select_by_dep=None, packages_skip_by_dep=None, packages_skip_up_to=None, packages_select_build_failed=False, packages_skip_build_finished=False, packages_select_test_failures=False, packages_skip_test_passed=False, packages_select=None, packages_skip=None, packages_select_regex=None, packages_skip_regex=None, packages_start=None, packages_end=None, allow_overriding=[], cmake_args=None, cmake_target=None, cmake_target_skip_unavailable=False, cmake_clean_cache=False, cmake_clean_first=False, cmake_force_configure=False, ament_cmake_args=None, catkin_cmake_args=None, catkin_skip_building_tests=False, verb_parser=<colcon_defaults.argument_parser.defaults.DefaultArgumentsDecorator object at 0xffff8a4229f0>, verb_extension=<colcon_core.verb.build.BuildVerb object at 0xffff8a4228d0>, main=<bound method BuildVerb.main of <colcon_core.verb.build.BuildVerb object at 0xffff8a4228d0>>)
[0.308s] Level 1:colcon.colcon_core.package_discovery:discover_packages(colcon_meta) check parameters
[0.308s] Level 1:colcon.colcon_core.package_discovery:discover_packages(recursive) check parameters
[0.308s] Level 1:colcon.colcon_core.package_discovery:discover_packages(ignore) check parameters
[0.308s] Level 1:colcon.colcon_core.package_discovery:discover_packages(path) check parameters
[0.309s] Level 1:colcon.colcon_core.package_discovery:discover_packages(colcon_meta) discover
[0.309s] Level 1:colcon.colcon_core.package_discovery:discover_packages(recursive) discover
[0.309s] INFO:colcon.colcon_core.package_discovery:Crawling recursively for packages in '/home/aravind/Downloads/project/robot_ws'
[0.309s] Level 1:colcon.colcon_core.package_identification:_identify(.) by extensions ['ignore', 'ignore_ament_install']
[0.309s] Level 1:colcon.colcon_core.package_identification:_identify(.) by extension 'ignore'
[0.309s] Level 1:colcon.colcon_core.package_identification:_identify(.) by extension 'ignore_ament_install'
[0.309s] Level 1:colcon.colcon_core.package_identification:_identify(.) by extensions ['colcon_pkg']
[0.310s] Level 1:colcon.colcon_core.package_identification:_identify(.) by extension 'colcon_pkg'
[0.310s] Level 1:colcon.colcon_core.package_identification:_identify(.) by extensions ['colcon_meta']
[0.310s] Level 1:colcon.colcon_core.package_identification:_identify(.) by extension 'colcon_meta'
[0.310s] Level 1:colcon.colcon_core.package_identification:_identify(.) by extensions ['ros']
[0.310s] Level 1:colcon.colcon_core.package_identification:_identify(.) by extension 'ros'
[0.370s] Level 1:colcon.colcon_core.package_identification:_identify(.) by extensions ['cmake', 'python']
[0.370s] Level 1:colcon.colcon_core.package_identification:_identify(.) by extension 'cmake'
[0.370s] Level 1:colcon.colcon_core.package_identification:_identify(.) by extension 'python'
[0.371s] Level 1:colcon.colcon_core.package_identification:_identify(.) by extensions ['python_setup_py']
[0.371s] Level 1:colcon.colcon_core.package_identification:_identify(.) by extension 'python_setup_py'
[0.371s] Level 1:colcon.colcon_core.package_identification:_identify(build) by extensions ['ignore', 'ignore_ament_install']
[0.371s] Level 1:colcon.colcon_core.package_identification:_identify(build) by extension 'ignore'
[0.371s] Level 1:colcon.colcon_core.package_identification:_identify(build) ignored
[0.371s] Level 1:colcon.colcon_core.package_identification:_identify(install) by extensions ['ignore', 'ignore_ament_install']
[0.372s] Level 1:colcon.colcon_core.package_identification:_identify(install) by extension 'ignore'
[0.372s] Level 1:colcon.colcon_core.package_identification:_identify(install) ignored
[0.372s] Level 1:colcon.colcon_core.package_identification:_identify(log) by extensions ['ignore', 'ignore_ament_install']
[0.372s] Level 1:colcon.colcon_core.package_identification:_identify(log) by extension 'ignore'
[0.372s] Level 1:colcon.colcon_core.package_identification:_identify(log) ignored
[0.372s] Level 1:colcon.colcon_core.package_identification:_identify(src) by extensions ['ignore', 'ignore_ament_install']
[0.372s] Level 1:colcon.colcon_core.package_identification:_identify(src) by extension 'ignore'
[0.373s] Level 1:colcon.colcon_core.package_identification:_identify(src) by extension 'ignore_ament_install'
[0.373s] Level 1:colcon.colcon_core.package_identification:_identify(src) by extensions ['colcon_pkg']
[0.373s] Level 1:colcon.colcon_core.package_identification:_identify(src) by extension 'colcon_pkg'
[0.373s] Level 1:colcon.colcon_core.package_identification:_identify(src) by extensions ['colcon_meta']
[0.373s] Level 1:colcon.colcon_core.package_identification:_identify(src) by extension 'colcon_meta'
[0.373s] Level 1:colcon.colcon_core.package_identification:_identify(src) by extensions ['ros']
[0.373s] Level 1:colcon.colcon_core.package_identification:_identify(src) by extension 'ros'
[0.373s] Level 1:colcon.colcon_core.package_identification:_identify(src) by extensions ['cmake', 'python']
[0.373s] Level 1:colcon.colcon_core.package_identification:_identify(src) by extension 'cmake'
[0.374s] Level 1:colcon.colcon_core.package_identification:_identify(src) by extension 'python'
[0.374s] Level 1:colcon.colcon_core.package_identification:_identify(src) by extensions ['python_setup_py']
[0.374s] Level 1:colcon.colcon_core.package_identification:_identify(src) by extension 'python_setup_py'
[0.374s] Level 1:colcon.colcon_core.package_identification:_identify(src/robot_controller) by extensions ['ignore', 'ignore_ament_install']
[0.374s] Level 1:colcon.colcon_core.package_identification:_identify(src/robot_controller) by extension 'ignore'
[0.374s] Level 1:colcon.colcon_core.package_identification:_identify(src/robot_controller) by extension 'ignore_ament_install'
[0.374s] Level 1:colcon.colcon_core.package_identification:_identify(src/robot_controller) by extensions ['colcon_pkg']
[0.375s] Level 1:colcon.colcon_core.package_identification:_identify(src/robot_controller) by extension 'colcon_pkg'
[0.375s] Level 1:colcon.colcon_core.package_identification:_identify(src/robot_controller) by extensions ['colcon_meta']
[0.375s] Level 1:colcon.colcon_core.package_identification:_identify(src/robot_controller) by extension 'colcon_meta'
[0.375s] Level 1:colcon.colcon_core.package_identification:_identify(src/robot_controller) by extensions ['ros']
[0.375s] Level 1:colcon.colcon_core.package_identification:_identify(src/robot_controller) by extension 'ros'
[0.384s] DEBUG:colcon.colcon_core.package_identification:Package 'src/robot_controller' with type 'ros.ament_cmake' and name 'robot_controller'
[0.384s] Level 1:colcon.colcon_core.package_discovery:discover_packages(recursive) using defaults
[0.384s] Level 1:colcon.colcon_core.package_discovery:discover_packages(ignore) discover
[0.384s] Level 1:colcon.colcon_core.package_discovery:discover_packages(ignore) using defaults
[0.384s] Level 1:colcon.colcon_core.package_discovery:discover_packages(path) discover
[0.384s] Level 1:colcon.colcon_core.package_discovery:discover_packages(path) using defaults
[0.418s] Level 1:colcon.colcon_core.package_discovery:discover_packages(prefix_path) check parameters
[0.418s] Level 1:colcon.colcon_core.package_discovery:discover_packages(prefix_path) discover
[0.421s] DEBUG:colcon.colcon_installed_package_information.package_discovery:Found 1 installed packages in /home/aravind/Downloads/project/robot_ws/install
[0.423s] DEBUG:colcon.colcon_installed_package_information.package_discovery:Found 296 installed packages in /opt/ros/jazzy
[0.425s] Level 1:colcon.colcon_core.package_discovery:discover_packages(prefix_path) using defaults
[0.517s] Level 5:colcon.colcon_core.verb:set package 'robot_controller' build argument 'cmake_args' from command line to 'None'
[0.517s] Level 5:colcon.colcon_core.verb:set package 'robot_controller' build argument 'cmake_target' from command line to 'None'
[0.517s] Level 5:colcon.colcon_core.verb:set package 'robot_controller' build argument 'cmake_target_skip_unavailable' from command line to 'False'
[0.517s] Level 5:colcon.colcon_core.verb:set package 'robot_controller' build argument 'cmake_clean_cache' from command line to 'False'
[0.517s] Level 5:colcon.colcon_core.verb:set package 'robot_controller' build argument 'cmake_clean_first' from command line to 'False'
[0.517s] Level 5:colcon.colcon_core.verb:set package 'robot_controller' build argument 'cmake_force_configure' from command line to 'False'
[0.517s] Level 5:colcon.colcon_core.verb:set package 'robot_controller' build argument 'ament_cmake_args' from command line to 'None'
[0.517s] Level 5:colcon.colcon_core.verb:set package 'robot_controller' build argument 'catkin_cmake_args' from command line to 'None'
[0.517s] Level 5:colcon.colcon_core.verb:set package 'robot_controller' build argument 'catkin_skip_building_tests' from command line to 'False'
[0.518s] DEBUG:colcon.colcon_core.verb:Building package 'robot_controller' with the following arguments: {'ament_cmake_args': None, 'build_base': '/home/aravind/Downloads/project/robot_ws/build/robot_controller', 'catkin_cmake_args': None, 'catkin_skip_building_tests': False, 'cmake_args': None, 'cmake_clean_cache': False, 'cmake_clean_first': False, 'cmake_force_configure': False, 'cmake_target': None, 'cmake_target_skip_unavailable': False, 'install_base': '/home/aravind/Downloads/project/robot_ws/install/robot_controller', 'merge_install': False, 'path': '/home/aravind/Downloads/project/robot_ws/src/robot_controller', 'symlink_install': True, 'test_result_base': None}
[0.518s] INFO:colcon.colcon_core.executor:Executing jobs using 'parallel' executor
[0.520s] DEBUG:colcon.colcon_parallel_executor.executor.parallel:run_until_complete
[0.521s] INFO:colcon.colcon_ros.task.ament_cmake.build:Building ROS package in '/home/aravind/Downloads/project/robot_ws/src/robot_controller' with build type 'ament_cmake'
[0.521s] INFO:colcon.colcon_cmake.task.cmake.build:Building CMake package in '/home/aravind/Downloads/project/robot_ws/src/robot_controller'
[0.524s] INFO:colcon.colcon_core.plugin_system:Skipping extension 'colcon_core.shell.bat': Not used on non-Windows systems
[0.525s] INFO:colcon.colcon_core.shell:Skip shell extension 'powershell' for command environment: Not usable outside of PowerShell
[0.525s] DEBUG:colcon.colcon_core.shell:Skip shell extension 'dsv' for command environment
[0.546s] DEBUG:colcon.colcon_core.event_handler.log_command:Invoking command in '/home/aravind/Downloads/project/robot_ws/build/robot_controller': CMAKE_PREFIX_PATH=${CMAKE_PREFIX_PATH}:/opt/ros/jazzy DEBUGINFOD_URLS=https://debuginfod.ubuntu.com /usr/bin/cmake --build /home/aravind/Downloads/project/robot_ws/build/robot_controller -- -j4 -l4
[1.383s] DEBUG:colcon.colcon_core.event_handler.log_command:Invoked command in '/home/aravind/Downloads/project/robot_ws/build/robot_controller' returned '0': CMAKE_PREFIX_PATH=${CMAKE_PREFIX_PATH}:/opt/ros/jazzy DEBUGINFOD_URLS=https://debuginfod.ubuntu.com /usr/bin/cmake --build /home/aravind/Downloads/project/robot_ws/build/robot_controller -- -j4 -l4
[1.406s] DEBUG:colcon.colcon_core.event_handler.log_command:Invoking command in '/home/aravind/Downloads/project/robot_ws/build/robot_controller': CMAKE_PREFIX_PATH=${CMAKE_PREFIX_PATH}:/opt/ros/jazzy DEBUGINFOD_URLS=https://debuginfod.ubuntu.com /usr/bin/cmake --install /home/aravind/Downloads/project/robot_ws/build/robot_controller
[1.558s] Level 1:colcon.colcon_core.environment:create_environment_scripts_only(robot_controller)
[1.560s] DEBUG:colcon.colcon_core.event_handler.log_command:Invoked command in '/home/aravind/Downloads/project/robot_ws/build/robot_controller' returned '0': CMAKE_PREFIX_PATH=${CMAKE_PREFIX_PATH}:/opt/ros/jazzy DEBUGINFOD_URLS=https://debuginfod.ubuntu.com /usr/bin/cmake --install /home/aravind/Downloads/project/robot_ws/build/robot_controller
[1.563s] Level 1:colcon.colcon_core.environment:checking '/home/aravind/Downloads/project/robot_ws/install/robot_controller' for CMake module files
[1.564s] Level 1:colcon.colcon_core.environment:checking '/home/aravind/Downloads/project/robot_ws/install/robot_controller' for CMake config files
[1.564s] Level 1:colcon.colcon_core.shell:create_environment_hook('robot_controller', 'cmake_prefix_path')
[1.565s] INFO:colcon.colcon_core.shell:Creating environment hook '/home/aravind/Downloads/project/robot_ws/install/robot_controller/share/robot_controller/hook/cmake_prefix_path.ps1'
[1.566s] INFO:colcon.colcon_core.shell:Creating environment descriptor '/home/aravind/Downloads/project/robot_ws/install/robot_controller/share/robot_controller/hook/cmake_prefix_path.dsv'
[1.568s] INFO:colcon.colcon_core.shell:Creating environment hook '/home/aravind/Downloads/project/robot_ws/install/robot_controller/share/robot_controller/hook/cmake_prefix_path.sh'
[1.570s] Level 1:colcon.colcon_core.environment:checking '/home/aravind/Downloads/project/robot_ws/install/robot_controller/lib'
[1.571s] Level 1:colcon.colcon_core.environment:checking '/home/aravind/Downloads/project/robot_ws/install/robot_controller/bin'
[1.571s] Level 1:colcon.colcon_core.environment:checking '/home/aravind/Downloads/project/robot_ws/install/robot_controller/lib/pkgconfig/robot_controller.pc'
[1.571s] Level 1:colcon.colcon_core.environment:checking '/home/aravind/Downloads/project/robot_ws/install/robot_controller/lib/python3.12/site-packages'
[1.572s] Level 1:colcon.colcon_core.shell:create_environment_hook('robot_controller', 'pythonpath')
[1.572s] INFO:colcon.colcon_core.shell:Creating environment hook '/home/aravind/Downloads/project/robot_ws/install/robot_controller/share/robot_controller/hook/pythonpath.ps1'
[1.574s] INFO:colcon.colcon_core.shell:Creating environment descriptor '/home/aravind/Downloads/project/robot_ws/install/robot_controller/share/robot_controller/hook/pythonpath.dsv'
[1.575s] INFO:colcon.colcon_core.shell:Creating environment hook '/home/aravind/Downloads/project/robot_ws/install/robot_controller/share/robot_controller/hook/pythonpath.sh'
[1.577s] Level 1:colcon.colcon_core.environment:checking '/home/aravind/Downloads/project/robot_ws/install/robot_controller/bin'
[1.578s] INFO:colcon.colcon_core.shell:Creating package script '/home/aravind/Downloads/project/robot_ws/install/robot_controller/share/robot_controller/package.ps1'
[1.580s] INFO:colcon.colcon_core.shell:Creating package descriptor '/home/aravind/Downloads/project/robot_ws/install/robot_controller/share/robot_controller/package.dsv'
[1.582s] INFO:colcon.colcon_core.shell:Creating package script '/home/aravind/Downloads/project/robot_ws/install/robot_controller/share/robot_controller/package.sh'
[1.585s] INFO:colcon.colcon_core.shell:Creating package script '/home/aravind/Downloads/project/robot_ws/install/robot_controller/share/robot_controller/package.bash'
[1.587s] INFO:colcon.colcon_core.shell:Creating package script '/home/aravind/Downloads/project/robot_ws/install/robot_controller/share/robot_controller/package.zsh'
[1.589s] Level 1:colcon.colcon_core.environment:create_file_with_runtime_dependencies(/home/aravind/Downloads/project/robot_ws/install/robot_controller/share/colcon-core/packages/robot_controller)
[1.591s] Level 1:colcon.colcon_core.environment:create_environment_scripts_only(robot_controller)
[1.592s] Level 1:colcon.colcon_core.environment:checking '/home/aravind/Downloads/project/robot_ws/install/robot_controller' for CMake module files
[1.593s] Level 1:colcon.colcon_core.environment:checking '/home/aravind/Downloads/project/robot_ws/install/robot_controller' for CMake config files
[1.593s] Level 1:colcon.colcon_core.shell:create_environment_hook('robot_controller', 'cmake_prefix_path')
[1.594s] INFO:colcon.colcon_core.shell:Creating environment hook '/home/aravind/Downloads/project/robot_ws/install/robot_controller/share/robot_controller/hook/cmake_prefix_path.ps1'
[1.594s] INFO:colcon.colcon_core.shell:Creating environment descriptor '/home/aravind/Downloads/project/robot_ws/install/robot_controller/share/robot_controller/hook/cmake_prefix_path.dsv'
[1.595s] INFO:colcon.colcon_core.shell:Creating environment hook '/home/aravind/Downloads/project/robot_ws/install/robot_controller/share/robot_controller/hook/cmake_prefix_path.sh'
[1.596s] Level 1:colcon.colcon_core.environment:checking '/home/aravind/Downloads/project/robot_ws/install/robot_controller/lib'
[1.597s] Level 1:colcon.colcon_core.environment:checking '/home/aravind/Downloads/project/robot_ws/install/robot_controller/bin'
[1.597s] Level 1:colcon.colcon_core.environment:checking '/home/aravind/Downloads/project/robot_ws/install/robot_controller/lib/pkgconfig/robot_controller.pc'
[1.598s] Level 1:colcon.colcon_core.environment:checking '/home/aravind/Downloads/project/robot_ws/install/robot_controller/lib/python3.12/site-packages'
[1.598s] Level 1:colcon.colcon_core.shell:create_environment_hook('robot_controller', 'pythonpath')
[1.598s] INFO:colcon.colcon_core.shell:Creating environment hook '/home/aravind/Downloads/project/robot_ws/install/robot_controller/share/robot_controller/hook/pythonpath.ps1'
[1.599s] INFO:colcon.colcon_core.shell:Creating environment descriptor '/home/aravind/Downloads/project/robot_ws/install/robot_controller/share/robot_controller/hook/pythonpath.dsv'
[1.600s] INFO:colcon.colcon_core.shell:Creating environment hook '/home/aravind/Downloads/project/robot_ws/install/robot_controller/share/robot_controller/hook/pythonpath.sh'
[1.601s] Level 1:colcon.colcon_core.environment:checking '/home/aravind/Downloads/project/robot_ws/install/robot_controller/bin'
[1.602s] INFO:colcon.colcon_core.shell:Creating package script '/home/aravind/Downloads/project/robot_ws/install/robot_controller/share/robot_controller/package.ps1'
[1.603s] INFO:colcon.colcon_core.shell:Creating package descriptor '/home/aravind/Downloads/project/robot_ws/install/robot_controller/share/robot_controller/package.dsv'
[1.604s] INFO:colcon.colcon_core.shell:Creating package script '/home/aravind/Downloads/project/robot_ws/install/robot_controller/share/robot_controller/package.sh'
[1.605s] INFO:colcon.colcon_core.shell:Creating package script '/home/aravind/Downloads/project/robot_ws/install/robot_controller/share/robot_controller/package.bash'
[1.605s] INFO:colcon.colcon_core.shell:Creating package script '/home/aravind/Downloads/project/robot_ws/install/robot_controller/share/robot_controller/package.zsh'
[1.606s] Level 1:colcon.colcon_core.environment:create_file_with_runtime_dependencies(/home/aravind/Downloads/project/robot_ws/install/robot_controller/share/colcon-core/packages/robot_controller)
[1.608s] DEBUG:colcon.colcon_parallel_executor.executor.parallel:closing loop
[1.609s] DEBUG:colcon.colcon_parallel_executor.executor.parallel:loop closed
[1.609s] DEBUG:colcon.colcon_parallel_executor.executor.parallel:run_until_complete finished with '0'
[1.609s] DEBUG:colcon.colcon_core.event_reactor:joining thread
[1.620s] INFO:colcon.colcon_core.plugin_system:Skipping extension 'colcon_notification.desktop_notification.terminal_notifier': Not used on non-Darwin systems
[1.620s] INFO:colcon.colcon_core.plugin_system:Skipping extension 'colcon_notification.desktop_notification.win32': Not used on non-Windows systems
[1.620s] INFO:colcon.colcon_notification.desktop_notification:Sending desktop notification using 'notify2'
[1.657s] DEBUG:colcon.colcon_core.event_reactor:joined thread
[1.658s] INFO:colcon.colcon_core.shell:Creating prefix script '/home/aravind/Downloads/project/robot_ws/install/local_setup.ps1'
[1.660s] INFO:colcon.colcon_core.shell:Creating prefix util module '/home/aravind/Downloads/project/robot_ws/install/_local_setup_util_ps1.py'
[1.662s] INFO:colcon.colcon_core.shell:Creating prefix chain script '/home/aravind/Downloads/project/robot_ws/install/setup.ps1'
[1.663s] INFO:colcon.colcon_core.shell:Creating prefix script '/home/aravind/Downloads/project/robot_ws/install/local_setup.sh'
[1.665s] INFO:colcon.colcon_core.shell:Creating prefix util module '/home/aravind/Downloads/project/robot_ws/install/_local_setup_util_sh.py'
[1.665s] INFO:colcon.colcon_core.shell:Creating prefix chain script '/home/aravind/Downloads/project/robot_ws/install/setup.sh'
[1.668s] INFO:colcon.colcon_core.shell:Creating prefix script '/home/aravind/Downloads/project/robot_ws/install/local_setup.bash'
[1.670s] INFO:colcon.colcon_core.shell:Creating prefix chain script '/home/aravind/Downloads/project/robot_ws/install/setup.bash'
[1.672s] INFO:colcon.colcon_core.shell:Creating prefix script '/home/aravind/Downloads/project/robot_ws/install/local_setup.zsh'
[1.673s] INFO:colcon.colcon_core.shell:Creating prefix chain script '/home/aravind/Downloads/project/robot_ws/install/setup.zsh'
